// Jest Snapshot v1, https://goo.gl/fbAQLP

exports[`SocialHome renders correctly 1`] = `
<View
  style={
    Object {
      "alignSelf": "center",
      "width": 600,
    }
  }
>
  <View
    style={
      Object {
        "alignSelf": "flex-start",
        "marginTop": 20,
      }
    }
  >
    <Text
      style={
        Object {
          "color": "black",
          "fontSize": 25,
          "lineHeight": 26,
          "marginHorizontal": 10,
          "textAlign": "center",
        }
      }
    >
      Home
    </Text>
  </View>
  <View
    style={
      Object {
        "flexDirection": "column",
        "marginTop": 20,
      }
    }
  >
    <View
      style={
        Object {
          "borderColor": "gray",
          "borderWidth": 1,
          "flexDirection": "row",
          "padding": 10,
          "width": 600,
        }
      }
    >
      <View
        style={
          Object {
            "width": 60,
          }
        }
      >
        <blockies
          bgColor="#ffffff"
          scale={5}
          seed="J9fBzJV70Jk5c-i3277Uq4CmeL4t53WDfUghaK0HpeM="
          size={8}
          spotColor="#008ec2"
        />
      </View>
      <View
        style={
          Object {
            "display": "flex",
            "flexDirection": "column",
          }
        }
      >
        <TextInput
          allowFontScaling={true}
          multiline={true}
          numberOfLines={5}
          onChangeText={[Function]}
          placeholder="Your chirp"
          rejectResponderTermination={true}
          selectTextOnFocus={true}
          style={
            Object {
              "alignContent": "flex-end",
              "borderColor": "gray",
              "borderWidth": 1,
              "fontSize": 18,
              "padding": 10,
              "width": 520,
            }
          }
          testID="new_chirp_input"
          underlineColorAndroid="transparent"
          value=""
        />
        <View
          style={
            Object {
              "alignSelf": "flex-end",
              "flexDirection": "row",
              "fontSize": 18,
            }
          }
        >
          <Text
            style={
              Object {
                "color": "black",
                "fontSize": 25,
                "lineHeight": 26,
                "marginHorizontal": 10,
                "textAlign": "center",
              }
            }
          >
            300
          </Text>
          <View
            accessibilityRole="button"
            accessibilityState={
              Object {
                "disabled": true,
              }
            }
            accessible={true}
            focusable={true}
            onClick={[Function]}
            onResponderGrant={[Function]}
            onResponderMove={[Function]}
            onResponderRelease={[Function]}
            onResponderTerminate={[Function]}
            onResponderTerminationRequest={[Function]}
            onStartShouldSetResponder={[Function]}
            style={
              Object {
                "opacity": 1,
              }
            }
            testID="new_chirp_publish"
          >
            <View
              style={
                Array [
                  Object {},
                  Object {},
                ]
              }
            >
              <Text
                disabled={true}
                style={
                  Array [
                    Object {
                      "color": "#007AFF",
                      "fontSize": 18,
                      "margin": 8,
                      "textAlign": "center",
                    },
                    Object {
                      "color": "#cdcdcd",
                    },
                  ]
                }
              >
                Publish
              </Text>
            </View>
          </View>
        </View>
      </View>
    </View>
    <RCTScrollView
      data={Array []}
      disableVirtualization={false}
      getItem={[Function]}
      getItemCount={[Function]}
      horizontal={false}
      initialNumToRender={10}
      keyExtractor={[Function]}
      maxToRenderPerBatch={10}
      onContentSizeChange={[Function]}
      onEndReachedThreshold={2}
      onLayout={[Function]}
      onMomentumScrollEnd={[Function]}
      onScroll={[Function]}
      onScrollBeginDrag={[Function]}
      onScrollEndDrag={[Function]}
      removeClippedSubviews={false}
      renderItem={[Function]}
      scrollEventThrottle={50}
      stickyHeaderIndices={Array []}
      updateCellsBatchingPeriod={50}
      viewabilityConfigCallbackPairs={Array []}
      windowSize={21}
    >
      <View />
    </RCTScrollView>
  </View>
</View>
`;
