// Jest Snapshot v1, https://goo.gl/fbAQLP

exports[`EventMeeting renders correctly 1`] = `
Array [
  <View>
    <Text
      style={
        Object {
          "marginHorizontal": 16,
        }
      }
    >
      Start: 
      <time
        dateTime="2020-12-31T23:00:00.000Z"
        title="2020-12-31 23:00"
      >
        4 months ago
      </time>
    </Text>
  </View>,
  <View>
    <Text
      style={
        Object {
          "marginHorizontal": 16,
        }
      }
    >
      End: 
      <time
        dateTime="2020-12-31T23:00:00.000Z"
        title="2020-12-31 23:00"
      >
        4 months ago
      </time>
    </Text>
  </View>,
  <Text
    style={
      Object {
        "marginHorizontal": 16,
      }
    }
  >
    on earth
  </Text>,
]
`;
