// Jest Snapshot v1, https://goo.gl/fbAQLP

exports[`WitnessNotification renders correctly 1`] = `
<View>
  <Text>
    {"id":0,"laoId":"-M259c5JlakLVlXBRa893pcE-4s7ssO8Jv5gXOvtreE=","hasBeenRead":false,"timestamp":0,"title":"a notification","type":"message-to-witness","messageId":"some message id"}
  </Text>
  <Text />
  <View
    accessible={true}
    collapsable={false}
    focusable={true}
    onClick={[Function]}
    onResponderGrant={[Function]}
    onResponderMove={[Function]}
    onResponderRelease={[Function]}
    onResponderTerminate={[Function]}
    onResponderTerminationRequest={[Function]}
    onStartShouldSetResponder={[Function]}
    style={
      {
        "opacity": 1,
      }
    }
  >
    <View
      style={
        [
          {
            "backgroundColor": "#3742fa",
            "borderColor": "#3742fa",
            "borderRadius": 8,
            "borderWidth": 1,
            "padding": 8,
          },
        ]
      }
    >
      <Text
        style={
          [
            {
              "color": "#000",
              "fontSize": 20,
              "lineHeight": 26,
              "textAlign": "left",
            },
            {
              "textAlign": "center",
            },
            {
              "color": "#fff",
            },
          ]
        }
      >
        Witness Message
      </Text>
    </View>
  </View>
  <View
    accessible={true}
    collapsable={false}
    focusable={true}
    onClick={[Function]}
    onResponderGrant={[Function]}
    onResponderMove={[Function]}
    onResponderRelease={[Function]}
    onResponderTerminate={[Function]}
    onResponderTerminationRequest={[Function]}
    onStartShouldSetResponder={[Function]}
    style={
      {
        "opacity": 1,
      }
    }
  >
    <View
      style={
        [
          {
            "backgroundColor": "#3742fa",
            "borderColor": "#3742fa",
            "borderRadius": 8,
            "borderWidth": 1,
            "padding": 8,
          },
        ]
      }
    >
      <Text
        style={
          [
            {
              "color": "#000",
              "fontSize": 20,
              "lineHeight": 26,
              "textAlign": "left",
            },
            {
              "textAlign": "center",
            },
            {
              "color": "#fff",
            },
          ]
        }
      >
        Decline Message
      </Text>
    </View>
  </View>
</View>
`;
