// Jest Snapshot v1, https://goo.gl/fbAQLP

exports[`Wallet home renders correctly with a non empty wallet 1`] = `null`;

exports[`Wallet home renders correctly with an empty wallet 1`] = `
<View
  style={
    Object {
      "flex": 1,
    }
  }
>
  <RNCSafeAreaProvider
    onInsetsChange={[Function]}
    style={
      Array [
        Object {
          "flex": 1,
        },
        undefined,
      ]
    }
  >
    <View
      style={
        Array [
          Object {
            "backgroundColor": "rgb(242, 242, 242)",
            "flex": 1,
          },
          undefined,
        ]
      }
    >
      <View
        pointerEvents="box-none"
        style={
          Object {
            "zIndex": 1,
          }
        }
      >
        <View
          accessibilityElementsHidden={false}
          importantForAccessibility="auto"
          onLayout={[Function]}
          pointerEvents="box-none"
          style={null}
        >
          <View
            pointerEvents="box-none"
            style={
              Object {
                "bottom": 0,
                "left": 0,
                "opacity": 1,
                "position": "absolute",
                "right": 0,
                "top": 0,
                "zIndex": 0,
              }
            }
          >
            <View
              collapsable={false}
              nativeID="animatedComponent"
              style={
                Object {
                  "backgroundColor": "rgb(255, 255, 255)",
                  "borderBottomColor": "rgb(216, 216, 216)",
                  "flex": 1,
                  "shadowColor": "rgb(216, 216, 216)",
                  "shadowOffset": Object {
                    "height": 0.5,
                    "width": 0,
                  },
                  "shadowOpacity": 0.85,
                  "shadowRadius": 0,
                }
              }
            />
          </View>
          <View
            collapsable={false}
            nativeID="animatedComponent"
            pointerEvents="box-none"
            style={
              Object {
                "height": 44,
                "maxHeight": undefined,
                "minHeight": undefined,
                "opacity": undefined,
                "transform": undefined,
              }
            }
          >
            <View
              pointerEvents="none"
              style={
                Object {
                  "height": 0,
                }
              }
            />
            <View
              pointerEvents="box-none"
              style={
                Object {
                  "alignItems": "stretch",
                  "flex": 1,
                  "flexDirection": "row",
                }
              }
            >
              <View
                pointerEvents="box-none"
                style={
                  Object {
                    "alignItems": "flex-start",
                    "flexBasis": 0,
                    "flexGrow": 1,
                    "justifyContent": "center",
                    "marginStart": 0,
                    "opacity": 1,
                  }
                }
              />
              <View
                pointerEvents="box-none"
                style={
                  Object {
                    "justifyContent": "center",
                    "marginHorizontal": 16,
                    "maxWidth": 718,
                    "opacity": 1,
                  }
                }
              >
                <Text
                  accessibilityRole="header"
                  aria-level="1"
                  collapsable={false}
                  nativeID="animatedComponent"
                  numberOfLines={1}
                  onLayout={[Function]}
                  style={
                    Object {
                      "color": "rgb(28, 28, 30)",
                      "fontSize": 17,
                      "fontWeight": "600",
                    }
                  }
                >
                  MockScreen
                </Text>
              </View>
              <View
                pointerEvents="box-none"
                style={
                  Object {
                    "alignItems": "flex-end",
                    "flexBasis": 0,
                    "flexGrow": 1,
                    "justifyContent": "center",
                    "marginEnd": 0,
                    "opacity": 1,
                  }
                }
              />
            </View>
          </View>
        </View>
      </View>
      <RNSScreenContainer
        onLayout={[Function]}
        style={
          Object {
            "flex": 1,
          }
        }
      >
        <RNSScreen
          activityState={2}
          forwardedRef={[Function]}
          pointerEvents="box-none"
          style={
            Object {
              "bottom": 0,
              "left": 0,
              "position": "absolute",
              "right": 0,
              "top": 0,
            }
          }
        >
          <View
            collapsable={false}
            style={
              Object {
                "opacity": 1,
              }
            }
          />
          <View
            accessibilityElementsHidden={false}
            closing={false}
            gestureVelocityImpact={0.3}
            importantForAccessibility="auto"
            onClose={[Function]}
            onGestureBegin={[Function]}
            onGestureCanceled={[Function]}
            onGestureEnd={[Function]}
            onOpen={[Function]}
            onTransition={[Function]}
            pointerEvents="box-none"
            style={
              Array [
                Object {
                  "display": "flex",
                  "overflow": undefined,
                },
                Object {
                  "bottom": 0,
                  "left": 0,
                  "position": "absolute",
                  "right": 0,
                  "top": 0,
                },
              ]
            }
            transitionSpec={
              Object {
                "close": Object {
                  "animation": "spring",
                  "config": Object {
                    "damping": 500,
                    "mass": 3,
                    "overshootClamping": true,
                    "restDisplacementThreshold": 10,
                    "restSpeedThreshold": 10,
                    "stiffness": 1000,
                  },
                },
                "open": Object {
                  "animation": "spring",
                  "config": Object {
                    "damping": 500,
                    "mass": 3,
                    "overshootClamping": true,
                    "restDisplacementThreshold": 10,
                    "restSpeedThreshold": 10,
                    "stiffness": 1000,
                  },
                },
              }
            }
          >
            <View
              collapsable={false}
              nativeID="animatedComponent"
              pointerEvents="box-none"
              style={
                Object {
                  "flex": 1,
                }
              }
            >
              <View
                collapsable={false}
                forwardedRef={[Function]}
                needsOffscreenAlphaCompositing={false}
                onGestureHandlerEvent={[Function]}
                onGestureHandlerStateChange={[Function]}
                style={
                  Object {
                    "flex": 1,
                    "transform": Array [
                      Object {
                        "translateX": 0,
                      },
                      Object {
                        "translateX": 0,
                      },
                    ],
                  }
                }
              >
                <View
                  style={
                    Array [
                      Object {
                        "flex": 1,
                        "overflow": "hidden",
                      },
                      Array [
                        Object {
                          "backgroundColor": "rgb(242, 242, 242)",
                        },
                        undefined,
                      ],
                    ]
                  }
                >
                  <View
                    style={
                      Object {
                        "flex": 1,
                        "flexDirection": "column-reverse",
                      }
                    }
                  >
                    <View
                      style={
                        Object {
                          "flex": 1,
                        }
                      }
                    >
                      <View
                        style={
                          Object {
                            "alignItems": "center",
                            "flex": 1,
                            "justifyContent": "center",
                            "padding": 30,
                          }
                        }
                      >
                        <View
                          style={
                            Object {
                              "alignItems": "center",
                              "display": "flex",
                              "flexDirection": "row",
                              "justifyContent": "space-between",
                              "paddingLeft": 20,
                              "paddingRight": 20,
                              "width": "100%",
                            }
                          }
                        >
                          <Text
                            style={
                              Object {
                                "fontSize": 25,
                                "fontWeight": "bold",
                                "textAlign": "left",
                              }
                            }
                          >
                            Welcome to your Digital Wallet
                          </Text>
                          <View
                            accessible={true}
                            collapsable={false}
                            focusable={true}
                            nativeID="animatedComponent"
                            onClick={[Function]}
                            onResponderGrant={[Function]}
                            onResponderMove={[Function]}
                            onResponderRelease={[Function]}
                            onResponderTerminate={[Function]}
                            onResponderTerminationRequest={[Function]}
                            onStartShouldSetResponder={[Function]}
                            style={
                              Object {
                                "alignContent": "center",
                                "alignItems": "center",
                                "backgroundColor": "#2196F3",
                                "borderRadius": 30,
                                "height": 65,
                                "justifyContent": "center",
                                "opacity": 1,
                                "shadowColor": "gray",
                                "shadowOffset": Object {
                                  "height": 2,
                                  "width": 2,
                                },
                                "width": 65,
                              }
                            }
                          >
                            <Text />
                          </View>
                        </View>
                        <View
                          style={
                            Object {
                              "flexDirection": "row",
                              "marginBottom": 20,
                              "marginTop": 30,
                            }
                          }
                        />
                        <Text
                          style={
                            Object {
                              "fontSize": 25,
                              "marginHorizontal": 10,
                              "textAlign": "center",
                            }
                          }
                        >
                          No token is yet associated with your wallet seed, once you participate in a roll call event your PoP tokens will be shown here
                        </Text>
                        <Modal
                          animationType="slide"
                          hardwareAccelerated={false}
                          onRequestClose={[Function]}
                          visible={false}
                        >
                          <View
                            style={
                              Object {
                                "height": "80%",
                                "padding": 20,
                              }
                            }
                          >
                            <View
                              style={
                                Object {
                                  "alignItems": "center",
                                  "flex": 1,
                                  "marginHorizontal": 50,
                                  "marginVertical": 10,
                                }
                              }
                            >
                              <View
                                style={
                                  Object {
                                    "flexDirection": "row",
                                    "justifyContent": "space-between",
                                    "width": "100%",
                                  }
                                }
                              >
                                <Text
                                  style={
                                    Object {
                                      "fontSize": 25,
                                      "fontWeight": "bold",
                                      "textAlign": "left",
                                    }
                                  }
                                >
                                  Send
                                </Text>
                                <View
                                  accessible={true}
                                  collapsable={false}
                                  focusable={true}
                                  nativeID="animatedComponent"
                                  onClick={[Function]}
                                  onResponderGrant={[Function]}
                                  onResponderMove={[Function]}
                                  onResponderRelease={[Function]}
                                  onResponderTerminate={[Function]}
                                  onResponderTerminationRequest={[Function]}
                                  onStartShouldSetResponder={[Function]}
                                  style={
                                    Object {
                                      "alignItems": "center",
                                      "backgroundColor": "#2196F3",
                                      "borderRadius": 30,
                                      "display": "flex",
                                      "height": 80,
                                      "justifyContent": "center",
                                      "opacity": 1,
                                      "shadowColor": "gray",
                                      "shadowOffset": Object {
                                        "height": 2,
                                        "width": 2,
                                      },
                                      "width": 80,
                                    }
                                  }
                                >
                                  <View
                                    style={
                                      Object {
                                        "overflow": "hidden",
                                      }
                                    }
                                  >
                                    <View>
                                      <View
                                        style={
                                          Object {
                                            "alignItems": "center",
                                            "backgroundColor": "transparent",
                                            "justifyContent": "center",
                                          }
                                        }
                                      >
                                        <Text />
                                      </View>
                                    </View>
                                  </View>
                                </View>
                              </View>
                              <View
                                style={
                                  Object {
                                    "alignItems": "center",
                                    "display": "flex",
                                    "height": "100%",
                                    "justifyContent": "center",
                                    "maxWidth": "100%",
                                  }
                                }
                              >
                                <View
                                  style={
                                    Object {
                                      "margin": "auto",
                                      "maxWidth": "100%",
                                    }
                                  }
                                >
                                  <View
                                    style={
                                      Object {
                                        "paddingHorizontal": 10,
                                        "width": "100%",
                                      }
                                    }
                                  >
                                    <Text
                                      style={
                                        Object {
                                          "color": "#86939e",
                                          "fontSize": 16,
                                          "fontWeight": "bold",
                                        }
                                      }
                                    >
                                      Receiver's public key
                                    </Text>
                                    <View
                                      collapsable={false}
                                      nativeID="animatedComponent"
                                      style={
                                        Object {
                                          "alignItems": "center",
                                          "borderBottomWidth": 1,
                                          "borderColor": "#86939e",
                                          "flexDirection": "row",
                                          "transform": Array [
                                            Object {
                                              "translateX": 0,
                                            },
                                          ],
                                        }
                                      }
                                    >
                                      <TextInput
                                        editable={true}
                                        onChangeText={[Function]}
                                        placeholderTextColor="#86939e"
                                        style={
                                          Object {
                                            "color": "#242424",
                                            "flex": 1,
                                            "fontSize": 18,
                                            "minHeight": 40,
                                            "minWidth": 400,
                                            "padding": 5,
                                          }
                                        }
                                        testID="RNE__Input__text-input"
                                        underlineColorAndroid="transparent"
                                      />
                                    </View>
                                    <Text
                                      style={
                                        Object {
                                          "color": "#ff190c",
                                          "fontSize": 12,
                                          "margin": 5,
                                        }
                                      }
                                    />
                                  </View>
                                  <View
                                    style={
                                      Object {
                                        "paddingHorizontal": 10,
                                        "width": "100%",
                                      }
                                    }
                                  >
                                    <Text
                                      style={
                                        Object {
                                          "color": "#86939e",
                                          "fontSize": 16,
                                          "fontWeight": "bold",
                                        }
                                      }
                                    >
                                      Amount to send
                                    </Text>
                                    <View
                                      collapsable={false}
                                      nativeID="animatedComponent"
                                      style={
                                        Object {
                                          "alignItems": "center",
                                          "borderBottomWidth": 1,
                                          "borderColor": "#86939e",
                                          "flexDirection": "row",
                                          "transform": Array [
                                            Object {
                                              "translateX": 0,
                                            },
                                          ],
                                        }
                                      }
                                    >
                                      <TextInput
                                        editable={true}
                                        onChangeText={[Function]}
                                        placeholderTextColor="#86939e"
                                        style={
                                          Object {
                                            "color": "#242424",
                                            "flex": 1,
                                            "fontSize": 18,
                                            "minHeight": 40,
                                            "minWidth": 400,
                                            "padding": 5,
                                          }
                                        }
                                        testID="RNE__Input__text-input"
                                        underlineColorAndroid="transparent"
                                      />
                                    </View>
                                    <Text
                                      style={
                                        Object {
                                          "color": "#ff190c",
                                          "fontSize": 12,
                                          "margin": 5,
                                        }
                                      }
                                    />
                                  </View>
                                  <View
                                    style={
                                      Object {
                                        "flexDirection": "row",
                                        "margin": 15,
                                      }
                                    }
                                  >
                                    <Text>
                                      Coinbase: 
                                    </Text>
                                    <RCTSwitch
                                      accessibilityRole="switch"
                                      onChange={[Function]}
                                      onResponderTerminationRequest={[Function]}
                                      onStartShouldSetResponder={[Function]}
                                      onTintColor="#81b0ff"
                                      style={
                                        Array [
                                          Object {
                                            "height": 31,
                                            "width": 51,
                                          },
                                          Object {
                                            "backgroundColor": "#3e3e3e",
                                            "borderRadius": 16,
                                          },
                                        ]
                                      }
                                      thumbTintColor="#f4f3f4"
                                      tintColor="#767577"
                                      value={false}
                                    />
                                  </View>
                                  <View
                                    accessibilityRole="button"
                                    accessible={true}
                                    collapsable={false}
                                    focusable={true}
                                    nativeID="animatedComponent"
                                    onClick={[Function]}
                                    onResponderGrant={[Function]}
                                    onResponderMove={[Function]}
                                    onResponderRelease={[Function]}
                                    onResponderTerminate={[Function]}
                                    onResponderTerminationRequest={[Function]}
                                    onStartShouldSetResponder={[Function]}
                                    style={
                                      Object {
                                        "opacity": 1,
                                      }
                                    }
                                  >
                                    <View
                                      style={
                                        Array [
                                          Object {},
                                        ]
                                      }
                                    >
                                      <Text
                                        style={
                                          Array [
                                            Object {
                                              "color": "#007AFF",
                                              "fontSize": 18,
                                              "margin": 8,
                                              "textAlign": "center",
                                            },
                                          ]
                                        }
                                      >
                                        Send
                                      </Text>
                                    </View>
                                  </View>
                                </View>
                              </View>
                            </View>
                          </View>
                        </Modal>
                        <View
                          style={
                            Object {
                              "padding": "1rem",
                            }
                          }
                        />
                      </View>
                    </View>
                  </View>
                </View>
              </View>
            </View>
          </View>
        </RNSScreen>
      </RNSScreenContainer>
    </View>
  </RNCSafeAreaProvider>
</View>
`;
