// Jest Snapshot v1, https://goo.gl/fbAQLP

exports[`BuildInfo renders correctly 1`] = `
<View
  style={
    {
      "bottom": 12,
      "display": "flex",
      "flexDirection": "row",
      "justifyContent": "center",
      "left": 8,
      "position": "absolute",
      "right": 8,
    }
  }
>
  <Text
    style={
      [
        {
          "fontSize": 8,
          "lineHeight": 1,
        },
        {
          "color": "#8E8E8E",
        },
        {
          "fontFamily": "Courier New",
        },
        {
          "textTransform": "uppercase",
        },
      ]
    }
  >
    <Text
      onPress={[Function]}
    />
    <Text>
       | 
    </Text>
    <Text
      onPress={[Function]}
    />
    <Text>
       | 
    </Text>
    <Text />
  </Text>
</View>
`;
