// Jest Snapshot v1, https://goo.gl/fbAQLP

exports[`CameraButton renders correctly 1`] = `
<View>
  <View
    accessible={true}
    collapsable={false}
    focusable={true}
    onClick={[Function]}
    onResponderGrant={[Function]}
    onResponderMove={[Function]}
    onResponderRelease={[Function]}
    onResponderTerminate={[Function]}
    onResponderTerminationRequest={[Function]}
    onStartShouldSetResponder={[Function]}
    style={
      {
        "alignContent": "center",
        "alignItems": "center",
        "backgroundColor": "#2196F3",
        "borderRadius": 80,
        "height": 80,
        "justifyContent": "center",
        "opacity": 1,
        "width": 80,
      }
    }
  >
    <Image
      source={1}
      style={
        {
          "height": 64,
          "width": 64,
        }
      }
    />
  </View>
</View>
`;
