// Jest Snapshot v1, https://goo.gl/fbAQLP

exports[`PoPButton renders correctly without disabled 1`] = `
<View
  accessible={true}
  collapsable={false}
  focusable={true}
  onClick={[Function]}
  onResponderGrant={[Function]}
  onResponderMove={[Function]}
  onResponderRelease={[Function]}
  onResponderTerminate={[Function]}
  onResponderTerminationRequest={[Function]}
  onStartShouldSetResponder={[Function]}
  style={
    {
      "opacity": 1,
    }
  }
>
  <View
    style={
      [
        {
          "backgroundColor": "#3742fa",
          "borderColor": "#3742fa",
          "borderRadius": 8,
          "borderWidth": 1,
          "padding": 8,
        },
      ]
    }
  >
    <Text>
      I am a wide button
    </Text>
  </View>
</View>
`;
