// Jest Snapshot v1, https://goo.gl/fbAQLP

exports[`RoundIconButton renders correctly 1`] = `
<View
  accessible={true}
  collapsable={false}
  focusable={true}
  nativeID="animatedComponent"
  onClick={[Function]}
  onResponderGrant={[Function]}
  onResponderMove={[Function]}
  onResponderRelease={[Function]}
  onResponderTerminate={[Function]}
  onResponderTerminationRequest={[Function]}
  onStartShouldSetResponder={[Function]}
  style={
    Object {
      "alignItems": "center",
      "backgroundColor": "#2196F3",
      "borderRadius": 30,
      "display": "flex",
      "height": 65,
      "justifyContent": "center",
      "opacity": 1,
      "shadowColor": "gray",
      "shadowOffset": Object {
        "height": 2,
        "width": 2,
      },
      "width": 65,
    }
  }
>
  <View
    style={
      Object {
        "overflow": "hidden",
      }
    }
  >
    <View>
      <View
        style={
          Object {
            "alignItems": "center",
            "backgroundColor": "transparent",
            "justifyContent": "center",
          }
        }
      >
        <Text />
      </View>
    </View>
  </View>
</View>
`;
